INFO: kbplacer_plugin_action.py:73: Plugin version: 0.16
INFO: kbplacer_plugin_action.py:74: Python version: '3.11.5 (main, Jan 23 2026, 07:39:48) [MSC v.1944 64 bit (AMD64)]'
INFO: kbplacer_plugin_action.py:75: KiCad version: 10.0.1 with 4.2.2 msw (phoenix) wxWidgets 3.3.2
INFO: kbplacer_dialog.py:695: Language: en
INFO: kbplacer_plugin_action.py:83: GUI state: {"layout_path": "C:\\Users\\emmett\\Downloads\\keyboard-layout.json", "key_distance": [19.05, 19.05], "key_info": {"annotation_format": "SW{}", "position_option": "Default", "position": {"x": 0.0, "y": 0.0, "orientation": 0.0, "side": "Front"}, "template_path": "", "start_index": 1}, "enable_diode_placement": true, "route_switches_with_diodes": true, "optimize_diodes_orientation": true, "diode_info": {"annotation_format": "D{}", "position_option": "Default", "position": {"x": 5.08, "y": 4.0, "orientation": 90.0, "side": "Back"}, "template_path": "", "start_index": -1}, "additional_elements": [{"annotation_format": "ST{}", "position_option": "Custom", "position": {"x": 0.0, "y": 0.0, "orientation": 0.0, "side": "Front"}, "template_path": "", "start_index": -1}], "route_rows_and_columns": true, "template_path": "", "generate_outline": true, "outline_delta": 0.0, "layout_offset": null}
DEBUG: key_placer.py:143: Switches by nets: defaultdict(<class 'list'>, {frozenset({'Net-(A1-GPIO4)', 'Net-(A1-GPIO1)'}): ['SW2'], frozenset({'Net-(A1-GPIO2)', 'Net-(A1-GPIO4)'}): ['SW3'], frozenset({'Net-(A1-GPIO6)', 'Net-(A1-GPIO1)'}): ['SW11'], frozenset({'Net-(A1-GPIO5)', 'Net-(A1-GPIO1)'}): ['SW6'], frozenset({'Net-(A1-GPIO2)', 'Net-(A1-GPIO7)'}): ['SW14'], frozenset({'Net-(A1-GPIO7)', 'Net-(A1-GPIO1)'}): ['SW12'], frozenset({'Net-(A1-GPIO2)', 'Net-(A1-GPIO5)'}): ['SW7'], frozenset({'Net-(A1-GPIO0)', 'Net-(A1-GPIO5)'}): ['SW5'], frozenset({'Net-(A1-GPIO8)', 'Net-(A1-GPIO3)'}): ['SW20'], frozenset({'Net-(A1-GPIO0)', 'Net-(A1-GPIO8)'}): ['SW17'], frozenset({'Net-(A1-GPIO2)', 'Net-(A1-GPIO6)'}): ['SW13'], frozenset({'Net-(A1-GPIO0)', 'Net-(A1-GPIO6)'}): ['SW9'], frozenset({'Net-(A1-GPIO8)', 'Net-(A1-GPIO1)'}): ['SW18'], frozenset({'Net-(A1-GPIO0)', 'Net-(A1-GPIO9)'}): ['SW21'], frozenset({'Net-(A1-GPIO4)', 'Net-(A1-GPIO3)'}): ['SW4'], frozenset({'Net-(A1-GPIO0)', 'Net-(A1-GPIO7)'}): ['SW10'], frozenset({'Net-(A1-GPIO7)', 'Net-(A1-GPIO3)'}): ['SW16'], frozenset({'Net-(A1-GPIO0)', 'Net-(A1-GPIO4)'}): ['SW1'], frozenset({'Net-(A1-GPIO6)', 'Net-(A1-GPIO3)'}): ['SW15'], frozenset({'Net-(A1-GPIO5)', 'Net-(A1-GPIO3)'}): ['SW8'], frozenset({'Net-(A1-GPIO2)', 'Net-(A1-GPIO8)'}): ['SW19']})
DEBUG: key_placer.py:147: Diodes by switch: {'SW16': ['D17'], 'SW9': ['D10'], 'SW7': ['D8'], 'SW14': ['D15'], 'SW17': ['D18'], 'SW15': ['D16'], 'SW20': ['D21'], 'SW10': ['D11'], 'SW11': ['D12'], 'SW6': ['D7'], 'SW18': ['D19'], 'SW3': ['D4'], 'SW13': ['D14'], 'SW1': ['D2'], 'SW5': ['D6'], 'SW21': ['D22'], 'SW19': ['D20'], 'SW12': ['D13'], 'SW8': ['D9'], 'SW2': ['D3'], 'SW4': ['D5']}
INFO: kle_serial.py:1031: User layout: [{'switchMount': 'cherry', 'plate': True}, [{'x': 2, 'sm': 'cherry', 'a': 7}, ''], [{'y': -0.5, 'x': 1}, ''], [{'y': -0.75}, '', {'x': 2}, ''], [{'y': -0.75, 'x': 2}, '', {'x': 1}, ''], [{'y': -0.5, 'x': 1}, ''], [{'y': -0.75, 'sb': 'kailh'}, '', {'x': 2, 'sb': ''}, ''], [{'y': -0.75, 'x': 2}, '', {'x': 1}, ''], [{'y': -0.5, 'x': 1}, ''], [{'y': -0.7599999999999998, 'x': 3}, ''], [{'y': -0.9900000000000002}, ''], [{'y': -0.75, 'x': 2}, '', {'x': 1}, ''], [{'y': -0.5, 'x': 1}, ''], [{'y': -0.75}, '', {'x': 2}, ''], [{'y': -0.75, 'x': 4}, ''], [{'r': -75, 'rx': 6, 'ry': 6, 'w': 1.75}, '']]
DEBUG: key_placer.py:755: Using key 1U distance: (19.05, 19.05) mm
DEBUG: key_placer.py:773: Layout offset: (28575000, 28575000)
DEBUG: kle_serial.py:1125: Layout with: x_ortholinear_keys=21, y_ortholinear_keys=9, rotated_keys=1, encoders=0, iso_enters=0 and unrecognized_shape_keys=0
DEBUG: kle_serial.py:1150: Layout tagged: [<KeyboardTag.OTHER: 4>]
WARNING: key_placer.py:790: Layout of this kind with missing key matrix annotations may produce unexpected footprint order. For details see: https://github.com/adamws/kicad-kbplacer/blob/master/docs/annotation_guide.md
DEBUG: board_modifier.py:119: Setting SW1 footprint position: (76200000, 38100000)
DEBUG: board_modifier.py:119: Setting SW2 footprint position: (57150000, 47625000)
DEBUG: board_modifier.py:119: Setting SW3 footprint position: (38100000, 52387500)
DEBUG: board_modifier.py:119: Setting SW4 footprint position: (95250000, 52387500)
DEBUG: board_modifier.py:119: Setting SW5 footprint position: (76200000, 57150000)
DEBUG: board_modifier.py:119: Setting SW6 footprint position: (114300000, 57150000)
DEBUG: board_modifier.py:119: Setting SW7 footprint position: (57150000, 66675000)
DEBUG: board_modifier.py:119: Setting SW8 footprint position: (38100000, 71437500)
DEBUG: board_modifier.py:119: Setting SW9 footprint position: (95250000, 71437500)
DEBUG: board_modifier.py:119: Setting SW10 footprint position: (76200000, 76200000)
DEBUG: board_modifier.py:119: Setting SW11 footprint position: (114300000, 76200000)
DEBUG: board_modifier.py:119: Setting SW12 footprint position: (57150000, 85725000)
DEBUG: board_modifier.py:119: Setting SW13 footprint position: (95250000, 90297000)
DEBUG: board_modifier.py:119: Setting SW14 footprint position: (38100000, 90487500)
DEBUG: board_modifier.py:119: Setting SW15 footprint position: (76200000, 95250000)
DEBUG: board_modifier.py:119: Setting SW16 footprint position: (114300000, 95250000)
DEBUG: board_modifier.py:119: Setting SW17 footprint position: (57150000, 104775000)
DEBUG: board_modifier.py:119: Setting SW18 footprint position: (38100000, 109537500)
DEBUG: board_modifier.py:119: Setting SW19 footprint position: (95250000, 109537500)
DEBUG: board_modifier.py:119: Setting SW20 footprint position: (114300000, 114300000)
DEBUG: board_modifier.py:119: Setting SW21 footprint position: (159543750, 152400000)
INFO: key_placer.py:1173: Diode info: [ElementInfo(annotation_format='D{}', position_option=<PositionOption.DEFAULT: 'Default'>, position=ElementPosition(x=5.08, y=4.0, orientation=90.0, side=<Side.BACK: 'Back'>), template_path='', start_index=-1)]
DEBUG: board_modifier.py:132: Getting SW1 footprint position: (76200000, 38100000)
DEBUG: board_modifier.py:119: Setting D2 footprint position: (81280000, 42100000)
DEBUG: board_modifier.py:132: Getting SW2 footprint position: (57150000, 47625000)
DEBUG: board_modifier.py:119: Setting D3 footprint position: (62230000, 51625000)
DEBUG: board_modifier.py:132: Getting SW3 footprint position: (38100000, 52387500)
DEBUG: board_modifier.py:119: Setting D4 footprint position: (43180000, 56387500)
DEBUG: board_modifier.py:132: Getting SW4 footprint position: (95250000, 52387500)
DEBUG: board_modifier.py:119: Setting D5 footprint position: (100330000, 56387500)
DEBUG: board_modifier.py:132: Getting SW5 footprint position: (76200000, 57150000)
DEBUG: board_modifier.py:119: Setting D6 footprint position: (81280000, 61150000)
DEBUG: board_modifier.py:132: Getting SW6 footprint position: (114300000, 57150000)
DEBUG: board_modifier.py:119: Setting D7 footprint position: (119380000, 61150000)
DEBUG: board_modifier.py:132: Getting SW7 footprint position: (57150000, 66675000)
DEBUG: board_modifier.py:119: Setting D8 footprint position: (62230000, 70675000)
DEBUG: board_modifier.py:132: Getting SW8 footprint position: (38100000, 71437500)
DEBUG: board_modifier.py:119: Setting D9 footprint position: (43180000, 75437500)
DEBUG: board_modifier.py:132: Getting SW9 footprint position: (95250000, 71437500)
DEBUG: board_modifier.py:119: Setting D10 footprint position: (100330000, 75437500)
DEBUG: board_modifier.py:132: Getting SW10 footprint position: (76200000, 76200000)
DEBUG: board_modifier.py:119: Setting D11 footprint position: (81280000, 80200000)
DEBUG: board_modifier.py:132: Getting SW11 footprint position: (114300000, 76200000)
DEBUG: board_modifier.py:119: Setting D12 footprint position: (119380000, 80200000)
DEBUG: board_modifier.py:132: Getting SW12 footprint position: (57150000, 85725000)
DEBUG: board_modifier.py:119: Setting D13 footprint position: (62230000, 89725000)
DEBUG: board_modifier.py:132: Getting SW13 footprint position: (95250000, 90297000)
DEBUG: board_modifier.py:119: Setting D14 footprint position: (100330000, 94297000)
DEBUG: board_modifier.py:132: Getting SW14 footprint position: (38100000, 90487500)
DEBUG: board_modifier.py:119: Setting D15 footprint position: (43180000, 94487500)
DEBUG: board_modifier.py:132: Getting SW15 footprint position: (76200000, 95250000)
DEBUG: board_modifier.py:119: Setting D16 footprint position: (81280000, 99250000)
DEBUG: board_modifier.py:132: Getting SW16 footprint position: (114300000, 95250000)
DEBUG: board_modifier.py:119: Setting D17 footprint position: (119380000, 99250000)
DEBUG: board_modifier.py:132: Getting SW17 footprint position: (57150000, 104775000)
DEBUG: board_modifier.py:119: Setting D18 footprint position: (62230000, 108775000)
DEBUG: board_modifier.py:132: Getting SW18 footprint position: (38100000, 109537500)
DEBUG: board_modifier.py:119: Setting D19 footprint position: (43180000, 113537500)
DEBUG: board_modifier.py:132: Getting SW19 footprint position: (95250000, 109537500)
DEBUG: board_modifier.py:119: Setting D20 footprint position: (100330000, 113537500)
DEBUG: board_modifier.py:132: Getting SW20 footprint position: (114300000, 114300000)
DEBUG: board_modifier.py:119: Setting D21 footprint position: (119380000, 118300000)
DEBUG: board_modifier.py:132: Getting SW21 footprint position: (156389633, 129239475)
DEBUG: board_modifier.py:119: Setting D22 footprint position: (161568137, 125367848)
DEBUG: board_modifier.py:132: Getting D22 footprint position: (161568137, 125367848)
DEBUG: key_placer.py:889: Optimizing orientation of SW1 diodes
DEBUG: board_modifier.py:132: Getting D2 footprint position: (81280000, 42100000)
DEBUG: key_placer.py:889: Optimizing orientation of SW2 diodes
DEBUG: board_modifier.py:132: Getting D3 footprint position: (62230000, 51625000)
DEBUG: key_placer.py:889: Optimizing orientation of SW3 diodes
DEBUG: board_modifier.py:132: Getting D4 footprint position: (43180000, 56387500)
DEBUG: key_placer.py:889: Optimizing orientation of SW4 diodes
DEBUG: board_modifier.py:132: Getting D5 footprint position: (100330000, 56387500)
DEBUG: key_placer.py:889: Optimizing orientation of SW5 diodes
DEBUG: board_modifier.py:132: Getting D6 footprint position: (81280000, 61150000)
DEBUG: key_placer.py:889: Optimizing orientation of SW6 diodes
DEBUG: board_modifier.py:132: Getting D7 footprint position: (119380000, 61150000)
DEBUG: key_placer.py:889: Optimizing orientation of SW7 diodes
DEBUG: board_modifier.py:132: Getting D8 footprint position: (62230000, 70675000)
DEBUG: key_placer.py:889: Optimizing orientation of SW8 diodes
DEBUG: board_modifier.py:132: Getting D9 footprint position: (43180000, 75437500)
DEBUG: key_placer.py:889: Optimizing orientation of SW9 diodes
DEBUG: board_modifier.py:132: Getting D10 footprint position: (100330000, 75437500)
DEBUG: key_placer.py:889: Optimizing orientation of SW10 diodes
DEBUG: board_modifier.py:132: Getting D11 footprint position: (81280000, 80200000)
DEBUG: key_placer.py:889: Optimizing orientation of SW11 diodes
DEBUG: board_modifier.py:132: Getting D12 footprint position: (119380000, 80200000)
DEBUG: key_placer.py:889: Optimizing orientation of SW12 diodes
DEBUG: board_modifier.py:132: Getting D13 footprint position: (62230000, 89725000)
DEBUG: key_placer.py:889: Optimizing orientation of SW13 diodes
DEBUG: board_modifier.py:132: Getting D14 footprint position: (100330000, 94297000)
DEBUG: key_placer.py:889: Optimizing orientation of SW14 diodes
DEBUG: board_modifier.py:132: Getting D15 footprint position: (43180000, 94487500)
DEBUG: key_placer.py:889: Optimizing orientation of SW15 diodes
DEBUG: board_modifier.py:132: Getting D16 footprint position: (81280000, 99250000)
DEBUG: key_placer.py:889: Optimizing orientation of SW16 diodes
DEBUG: board_modifier.py:132: Getting D17 footprint position: (119380000, 99250000)
DEBUG: key_placer.py:889: Optimizing orientation of SW17 diodes
DEBUG: board_modifier.py:132: Getting D18 footprint position: (62230000, 108775000)
DEBUG: key_placer.py:889: Optimizing orientation of SW18 diodes
DEBUG: board_modifier.py:132: Getting D19 footprint position: (43180000, 113537500)
DEBUG: key_placer.py:889: Optimizing orientation of SW19 diodes
DEBUG: board_modifier.py:132: Getting D20 footprint position: (100330000, 113537500)
DEBUG: key_placer.py:889: Optimizing orientation of SW20 diodes
DEBUG: board_modifier.py:132: Getting D21 footprint position: (119380000, 118300000)
DEBUG: key_placer.py:889: Optimizing orientation of SW21 diodes
DEBUG: board_modifier.py:132: Getting D22 footprint position: (161568137, 125367848)
DEBUG: key_placer.py:928: Placing additional elements for SW2
DEBUG: board_modifier.py:132: Getting SW2 footprint position: (57150000, 47625000)
DEBUG: board_modifier.py:84: Searching for optional ST2 footprint in C:/Users/emmett/git/schlop/hardware/schlop.kicad_pcb
DEBUG: board_modifier.py:89: Footprint not found
DEBUG: key_placer.py:928: Placing additional elements for SW3
DEBUG: board_modifier.py:132: Getting SW3 footprint position: (38100000, 52387500)
DEBUG: board_modifier.py:84: Searching for optional ST3 footprint in C:/Users/emmett/git/schlop/hardware/schlop.kicad_pcb
DEBUG: board_modifier.py:89: Footprint not found
DEBUG: key_placer.py:928: Placing additional elements for SW11
DEBUG: board_modifier.py:132: Getting SW11 footprint position: (114300000, 76200000)
DEBUG: board_modifier.py:84: Searching for optional ST11 footprint in C:/Users/emmett/git/schlop/hardware/schlop.kicad_pcb
DEBUG: board_modifier.py:89: Footprint not found
DEBUG: key_placer.py:928: Placing additional elements for SW6
DEBUG: board_modifier.py:132: Getting SW6 footprint position: (114300000, 57150000)
DEBUG: board_modifier.py:84: Searching for optional ST6 footprint in C:/Users/emmett/git/schlop/hardware/schlop.kicad_pcb
DEBUG: board_modifier.py:89: Footprint not found
DEBUG: key_placer.py:928: Placing additional elements for SW14
DEBUG: board_modifier.py:132: Getting SW14 footprint position: (38100000, 90487500)
DEBUG: board_modifier.py:84: Searching for optional ST14 footprint in C:/Users/emmett/git/schlop/hardware/schlop.kicad_pcb
DEBUG: board_modifier.py:89: Footprint not found
DEBUG: key_placer.py:928: Placing additional elements for SW12
DEBUG: board_modifier.py:132: Getting SW12 footprint position: (57150000, 85725000)
DEBUG: board_modifier.py:84: Searching for optional ST12 footprint in C:/Users/emmett/git/schlop/hardware/schlop.kicad_pcb
DEBUG: board_modifier.py:89: Footprint not found
DEBUG: key_placer.py:928: Placing additional elements for SW7
DEBUG: board_modifier.py:132: Getting SW7 footprint position: (57150000, 66675000)
DEBUG: board_modifier.py:84: Searching for optional ST7 footprint in C:/Users/emmett/git/schlop/hardware/schlop.kicad_pcb
DEBUG: board_modifier.py:89: Footprint not found
DEBUG: key_placer.py:928: Placing additional elements for SW5
DEBUG: board_modifier.py:132: Getting SW5 footprint position: (76200000, 57150000)
DEBUG: board_modifier.py:84: Searching for optional ST5 footprint in C:/Users/emmett/git/schlop/hardware/schlop.kicad_pcb
DEBUG: board_modifier.py:89: Footprint not found
DEBUG: key_placer.py:928: Placing additional elements for SW20
DEBUG: board_modifier.py:132: Getting SW20 footprint position: (114300000, 114300000)
DEBUG: board_modifier.py:84: Searching for optional ST20 footprint in C:/Users/emmett/git/schlop/hardware/schlop.kicad_pcb
DEBUG: board_modifier.py:89: Footprint not found
DEBUG: key_placer.py:928: Placing additional elements for SW17
DEBUG: board_modifier.py:132: Getting SW17 footprint position: (57150000, 104775000)
DEBUG: board_modifier.py:84: Searching for optional ST17 footprint in C:/Users/emmett/git/schlop/hardware/schlop.kicad_pcb
DEBUG: board_modifier.py:89: Footprint not found
DEBUG: key_placer.py:928: Placing additional elements for SW13
DEBUG: board_modifier.py:132: Getting SW13 footprint position: (95250000, 90297000)
DEBUG: board_modifier.py:84: Searching for optional ST13 footprint in C:/Users/emmett/git/schlop/hardware/schlop.kicad_pcb
DEBUG: board_modifier.py:89: Footprint not found
DEBUG: key_placer.py:928: Placing additional elements for SW9
DEBUG: board_modifier.py:132: Getting SW9 footprint position: (95250000, 71437500)
DEBUG: board_modifier.py:84: Searching for optional ST9 footprint in C:/Users/emmett/git/schlop/hardware/schlop.kicad_pcb
DEBUG: board_modifier.py:89: Footprint not found
DEBUG: key_placer.py:928: Placing additional elements for SW18
DEBUG: board_modifier.py:132: Getting SW18 footprint position: (38100000, 109537500)
DEBUG: board_modifier.py:84: Searching for optional ST18 footprint in C:/Users/emmett/git/schlop/hardware/schlop.kicad_pcb
DEBUG: board_modifier.py:89: Footprint not found
DEBUG: key_placer.py:928: Placing additional elements for SW21
DEBUG: board_modifier.py:132: Getting SW21 footprint position: (156389633, 129239475)
DEBUG: board_modifier.py:84: Searching for optional ST21 footprint in C:/Users/emmett/git/schlop/hardware/schlop.kicad_pcb
DEBUG: board_modifier.py:89: Footprint not found
DEBUG: key_placer.py:928: Placing additional elements for SW4
DEBUG: board_modifier.py:132: Getting SW4 footprint position: (95250000, 52387500)
DEBUG: board_modifier.py:84: Searching for optional ST4 footprint in C:/Users/emmett/git/schlop/hardware/schlop.kicad_pcb
DEBUG: board_modifier.py:89: Footprint not found
DEBUG: key_placer.py:928: Placing additional elements for SW10
DEBUG: board_modifier.py:132: Getting SW10 footprint position: (76200000, 76200000)
DEBUG: board_modifier.py:84: Searching for optional ST10 footprint in C:/Users/emmett/git/schlop/hardware/schlop.kicad_pcb
DEBUG: board_modifier.py:89: Footprint not found
DEBUG: key_placer.py:928: Placing additional elements for SW16
DEBUG: board_modifier.py:132: Getting SW16 footprint position: (114300000, 95250000)
DEBUG: board_modifier.py:84: Searching for optional ST16 footprint in C:/Users/emmett/git/schlop/hardware/schlop.kicad_pcb
DEBUG: board_modifier.py:89: Footprint not found
DEBUG: key_placer.py:928: Placing additional elements for SW1
DEBUG: board_modifier.py:132: Getting SW1 footprint position: (76200000, 38100000)
DEBUG: board_modifier.py:84: Searching for optional ST1 footprint in C:/Users/emmett/git/schlop/hardware/schlop.kicad_pcb
DEBUG: board_modifier.py:89: Footprint not found
DEBUG: key_placer.py:928: Placing additional elements for SW15
DEBUG: board_modifier.py:132: Getting SW15 footprint position: (76200000, 95250000)
DEBUG: board_modifier.py:84: Searching for optional ST15 footprint in C:/Users/emmett/git/schlop/hardware/schlop.kicad_pcb
DEBUG: board_modifier.py:89: Footprint not found
DEBUG: key_placer.py:928: Placing additional elements for SW8
DEBUG: board_modifier.py:132: Getting SW8 footprint position: (38100000, 71437500)
DEBUG: board_modifier.py:84: Searching for optional ST8 footprint in C:/Users/emmett/git/schlop/hardware/schlop.kicad_pcb
DEBUG: board_modifier.py:89: Footprint not found
DEBUG: key_placer.py:928: Placing additional elements for SW19
DEBUG: board_modifier.py:132: Getting SW19 footprint position: (95250000, 109537500)
DEBUG: board_modifier.py:84: Searching for optional ST19 footprint in C:/Users/emmett/git/schlop/hardware/schlop.kicad_pcb
DEBUG: board_modifier.py:89: Footprint not found
INFO: key_placer.py:483: Routing SW2 with D3
INFO: key_placer.py:485: Using internal autorouter method
DEBUG: board_modifier.py:578: Routing at B.Cu layer
DEBUG: board_modifier.py:595: Netclass: Default, track width: 200000
DEBUG: board_modifier.py:658: Routing pad 'SW2:2' at (62992000, 42545000) with pad 'D3:2' at (62230000, 44005000) using coordinate system rotated by 0 degree(s)
INFO: board_modifier.py:494: Adding track segment (B.Cu): [(62992000, 42545000), (62992000, 43243000)]
INFO: board_modifier.py:499: Track added
INFO: board_modifier.py:494: Adding track segment (B.Cu): [(62992000, 43243000), (62230000, 44005000)]
INFO: board_modifier.py:499: Track added
INFO: key_placer.py:483: Routing SW3 with D4
INFO: key_placer.py:485: Using internal autorouter method
DEBUG: board_modifier.py:578: Routing at B.Cu layer
DEBUG: board_modifier.py:595: Netclass: Default, track width: 200000
DEBUG: board_modifier.py:658: Routing pad 'SW3:2' at (43942000, 47307500) with pad 'D4:2' at (43180000, 48767500) using coordinate system rotated by 0 degree(s)
INFO: board_modifier.py:494: Adding track segment (B.Cu): [(43942000, 47307500), (43942000, 48005500)]
INFO: board_modifier.py:499: Track added
INFO: board_modifier.py:494: Adding track segment (B.Cu): [(43942000, 48005500), (43180000, 48767500)]
INFO: board_modifier.py:499: Track added
INFO: key_placer.py:483: Routing SW11 with D12
INFO: key_placer.py:485: Using internal autorouter method
DEBUG: board_modifier.py:578: Routing at B.Cu layer
DEBUG: board_modifier.py:595: Netclass: Default, track width: 200000
DEBUG: board_modifier.py:658: Routing pad 'SW11:2' at (120142000, 71120000) with pad 'D12:2' at (119380000, 72580000) using coordinate system rotated by 0 degree(s)
INFO: board_modifier.py:494: Adding track segment (B.Cu): [(120142000, 71120000), (120142000, 71818000)]
INFO: board_modifier.py:499: Track added
INFO: board_modifier.py:494: Adding track segment (B.Cu): [(120142000, 71818000), (119380000, 72580000)]
INFO: board_modifier.py:499: Track added
INFO: key_placer.py:483: Routing SW6 with D7
INFO: key_placer.py:485: Using internal autorouter method
DEBUG: board_modifier.py:578: Routing at B.Cu layer
DEBUG: board_modifier.py:595: Netclass: Default, track width: 200000
DEBUG: board_modifier.py:658: Routing pad 'SW6:2' at (120142000, 52070000) with pad 'D7:2' at (119380000, 53530000) using coordinate system rotated by 0 degree(s)
INFO: board_modifier.py:494: Adding track segment (B.Cu): [(120142000, 52070000), (120142000, 52768000)]
INFO: board_modifier.py:499: Track added
INFO: board_modifier.py:494: Adding track segment (B.Cu): [(120142000, 52768000), (119380000, 53530000)]
INFO: board_modifier.py:499: Track added
INFO: key_placer.py:483: Routing SW14 with D15
INFO: key_placer.py:485: Using internal autorouter method
DEBUG: board_modifier.py:578: Routing at B.Cu layer
DEBUG: board_modifier.py:595: Netclass: Default, track width: 200000
DEBUG: board_modifier.py:658: Routing pad 'SW14:2' at (43942000, 85407500) with pad 'D15:2' at (43180000, 86867500) using coordinate system rotated by 0 degree(s)
INFO: board_modifier.py:494: Adding track segment (B.Cu): [(43942000, 85407500), (43942000, 86105500)]
INFO: board_modifier.py:499: Track added
INFO: board_modifier.py:494: Adding track segment (B.Cu): [(43942000, 86105500), (43180000, 86867500)]
INFO: board_modifier.py:499: Track added
INFO: key_placer.py:483: Routing SW12 with D13
INFO: key_placer.py:485: Using internal autorouter method
DEBUG: board_modifier.py:578: Routing at B.Cu layer
DEBUG: board_modifier.py:595: Netclass: Default, track width: 200000
DEBUG: board_modifier.py:658: Routing pad 'SW12:2' at (62992000, 80645000) with pad 'D13:2' at (62230000, 82105000) using coordinate system rotated by 0 degree(s)
INFO: board_modifier.py:494: Adding track segment (B.Cu): [(62992000, 80645000), (62992000, 81343000)]
INFO: board_modifier.py:499: Track added
INFO: board_modifier.py:494: Adding track segment (B.Cu): [(62992000, 81343000), (62230000, 82105000)]
INFO: board_modifier.py:499: Track added
INFO: key_placer.py:483: Routing SW7 with D8
INFO: key_placer.py:485: Using internal autorouter method
DEBUG: board_modifier.py:578: Routing at B.Cu layer
DEBUG: board_modifier.py:595: Netclass: Default, track width: 200000
DEBUG: board_modifier.py:658: Routing pad 'SW7:2' at (62992000, 61595000) with pad 'D8:2' at (62230000, 63055000) using coordinate system rotated by 0 degree(s)
INFO: board_modifier.py:494: Adding track segment (B.Cu): [(62992000, 61595000), (62992000, 62293000)]
INFO: board_modifier.py:499: Track added
INFO: board_modifier.py:494: Adding track segment (B.Cu): [(62992000, 62293000), (62230000, 63055000)]
INFO: board_modifier.py:499: Track added
INFO: key_placer.py:483: Routing SW5 with D6
INFO: key_placer.py:485: Using internal autorouter method
DEBUG: board_modifier.py:578: Routing at B.Cu layer
DEBUG: board_modifier.py:595: Netclass: Default, track width: 200000
DEBUG: board_modifier.py:658: Routing pad 'SW5:2' at (82042000, 52070000) with pad 'D6:2' at (81280000, 53530000) using coordinate system rotated by 0 degree(s)
INFO: board_modifier.py:494: Adding track segment (B.Cu): [(82042000, 52070000), (82042000, 52768000)]
INFO: board_modifier.py:499: Track added
INFO: board_modifier.py:494: Adding track segment (B.Cu): [(82042000, 52768000), (81280000, 53530000)]
INFO: board_modifier.py:499: Track added
INFO: key_placer.py:483: Routing SW20 with D21
INFO: key_placer.py:485: Using internal autorouter method
DEBUG: board_modifier.py:578: Routing at B.Cu layer
DEBUG: board_modifier.py:595: Netclass: Default, track width: 200000
DEBUG: board_modifier.py:658: Routing pad 'SW20:2' at (120142000, 109220000) with pad 'D21:2' at (119380000, 110680000) using coordinate system rotated by 0 degree(s)
INFO: board_modifier.py:494: Adding track segment (B.Cu): [(120142000, 109220000), (120142000, 109918000)]
INFO: board_modifier.py:499: Track added
INFO: board_modifier.py:494: Adding track segment (B.Cu): [(120142000, 109918000), (119380000, 110680000)]
INFO: board_modifier.py:499: Track added
INFO: key_placer.py:483: Routing SW17 with D18
INFO: key_placer.py:485: Using internal autorouter method
DEBUG: board_modifier.py:578: Routing at B.Cu layer
DEBUG: board_modifier.py:595: Netclass: Default, track width: 200000
DEBUG: board_modifier.py:658: Routing pad 'SW17:2' at (62992000, 99695000) with pad 'D18:2' at (62230000, 101155000) using coordinate system rotated by 0 degree(s)
INFO: board_modifier.py:494: Adding track segment (B.Cu): [(62992000, 99695000), (62992000, 100393000)]
INFO: board_modifier.py:499: Track added
INFO: board_modifier.py:494: Adding track segment (B.Cu): [(62992000, 100393000), (62230000, 101155000)]
INFO: board_modifier.py:499: Track added
INFO: key_placer.py:483: Routing SW13 with D14
INFO: key_placer.py:485: Using internal autorouter method
DEBUG: board_modifier.py:578: Routing at B.Cu layer
DEBUG: board_modifier.py:595: Netclass: Default, track width: 200000
DEBUG: board_modifier.py:658: Routing pad 'SW13:2' at (101092000, 85217000) with pad 'D14:2' at (100330000, 86677000) using coordinate system rotated by 0 degree(s)
INFO: board_modifier.py:494: Adding track segment (B.Cu): [(101092000, 85217000), (101092000, 85915000)]
INFO: board_modifier.py:499: Track added
INFO: board_modifier.py:494: Adding track segment (B.Cu): [(101092000, 85915000), (100330000, 86677000)]
INFO: board_modifier.py:499: Track added
INFO: key_placer.py:483: Routing SW9 with D10
INFO: key_placer.py:485: Using internal autorouter method
DEBUG: board_modifier.py:578: Routing at B.Cu layer
DEBUG: board_modifier.py:595: Netclass: Default, track width: 200000
DEBUG: board_modifier.py:658: Routing pad 'SW9:2' at (101092000, 66357500) with pad 'D10:2' at (100330000, 67817500) using coordinate system rotated by 0 degree(s)
INFO: board_modifier.py:494: Adding track segment (B.Cu): [(101092000, 66357500), (101092000, 67055500)]
INFO: board_modifier.py:499: Track added
INFO: board_modifier.py:494: Adding track segment (B.Cu): [(101092000, 67055500), (100330000, 67817500)]
INFO: board_modifier.py:499: Track added
INFO: key_placer.py:483: Routing SW18 with D19
INFO: key_placer.py:485: Using internal autorouter method
DEBUG: board_modifier.py:578: Routing at B.Cu layer
DEBUG: board_modifier.py:595: Netclass: Default, track width: 200000
DEBUG: board_modifier.py:658: Routing pad 'SW18:2' at (43942000, 104457500) with pad 'D19:2' at (43180000, 105917500) using coordinate system rotated by 0 degree(s)
INFO: board_modifier.py:494: Adding track segment (B.Cu): [(43942000, 104457500), (43942000, 105155500)]
INFO: board_modifier.py:499: Track added
INFO: board_modifier.py:494: Adding track segment (B.Cu): [(43942000, 105155500), (43180000, 105917500)]
INFO: board_modifier.py:499: Track added
INFO: key_placer.py:483: Routing SW21 with D22
INFO: key_placer.py:485: Using internal autorouter method
DEBUG: board_modifier.py:578: Routing at B.Cu layer
DEBUG: board_modifier.py:595: Netclass: Default, track width: 200000
DEBUG: board_modifier.py:658: Routing pad 'SW21:2' at (152994751, 122281736) with pad 'D22:2' at (154207782, 123395647) using coordinate system rotated by 285.0 degree(s)
INFO: board_modifier.py:494: Adding track segment (B.Cu): [(152994751, 122281736), (153668965, 122462390)]
INFO: board_modifier.py:499: Track added
INFO: board_modifier.py:494: Adding track segment (B.Cu): [(153668965, 122462390), (154207782, 123395647)]
INFO: board_modifier.py:499: Track added
INFO: key_placer.py:483: Routing SW4 with D5
INFO: key_placer.py:485: Using internal autorouter method
DEBUG: board_modifier.py:578: Routing at B.Cu layer
DEBUG: board_modifier.py:595: Netclass: Default, track width: 200000
DEBUG: board_modifier.py:658: Routing pad 'SW4:2' at (101092000, 47307500) with pad 'D5:2' at (100330000, 48767500) using coordinate system rotated by 0 degree(s)
INFO: board_modifier.py:494: Adding track segment (B.Cu): [(101092000, 47307500), (101092000, 48005500)]
INFO: board_modifier.py:499: Track added
INFO: board_modifier.py:494: Adding track segment (B.Cu): [(101092000, 48005500), (100330000, 48767500)]
INFO: board_modifier.py:499: Track added
INFO: key_placer.py:483: Routing SW10 with D11
INFO: key_placer.py:485: Using internal autorouter method
DEBUG: board_modifier.py:578: Routing at B.Cu layer
DEBUG: board_modifier.py:595: Netclass: Default, track width: 200000
DEBUG: board_modifier.py:658: Routing pad 'SW10:2' at (82042000, 71120000) with pad 'D11:2' at (81280000, 72580000) using coordinate system rotated by 0 degree(s)
INFO: board_modifier.py:494: Adding track segment (B.Cu): [(82042000, 71120000), (82042000, 71818000)]
INFO: board_modifier.py:499: Track added
INFO: board_modifier.py:494: Adding track segment (B.Cu): [(82042000, 71818000), (81280000, 72580000)]
INFO: board_modifier.py:499: Track added
INFO: key_placer.py:483: Routing SW16 with D17
INFO: key_placer.py:485: Using internal autorouter method
DEBUG: board_modifier.py:578: Routing at B.Cu layer
DEBUG: board_modifier.py:595: Netclass: Default, track width: 200000
DEBUG: board_modifier.py:658: Routing pad 'SW16:2' at (120142000, 90170000) with pad 'D17:2' at (119380000, 91630000) using coordinate system rotated by 0 degree(s)
INFO: board_modifier.py:494: Adding track segment (B.Cu): [(120142000, 90170000), (120142000, 90868000)]
INFO: board_modifier.py:499: Track added
INFO: board_modifier.py:494: Adding track segment (B.Cu): [(120142000, 90868000), (119380000, 91630000)]
INFO: board_modifier.py:499: Track added
INFO: key_placer.py:483: Routing SW1 with D2
INFO: key_placer.py:485: Using internal autorouter method
DEBUG: board_modifier.py:578: Routing at B.Cu layer
DEBUG: board_modifier.py:595: Netclass: Default, track width: 200000
DEBUG: board_modifier.py:658: Routing pad 'SW1:2' at (82042000, 33020000) with pad 'D2:2' at (81280000, 34480000) using coordinate system rotated by 0 degree(s)
INFO: board_modifier.py:494: Adding track segment (B.Cu): [(82042000, 33020000), (82042000, 33718000)]
INFO: board_modifier.py:499: Track added
INFO: board_modifier.py:494: Adding track segment (B.Cu): [(82042000, 33718000), (81280000, 34480000)]
INFO: board_modifier.py:499: Track added
INFO: key_placer.py:483: Routing SW15 with D16
INFO: key_placer.py:485: Using internal autorouter method
DEBUG: board_modifier.py:578: Routing at B.Cu layer
DEBUG: board_modifier.py:595: Netclass: Default, track width: 200000
DEBUG: board_modifier.py:658: Routing pad 'SW15:2' at (82042000, 90170000) with pad 'D16:2' at (81280000, 91630000) using coordinate system rotated by 0 degree(s)
INFO: board_modifier.py:494: Adding track segment (B.Cu): [(82042000, 90170000), (82042000, 90868000)]
INFO: board_modifier.py:499: Track added
INFO: board_modifier.py:494: Adding track segment (B.Cu): [(82042000, 90868000), (81280000, 91630000)]
INFO: board_modifier.py:499: Track added
INFO: key_placer.py:483: Routing SW8 with D9
INFO: key_placer.py:485: Using internal autorouter method
DEBUG: board_modifier.py:578: Routing at B.Cu layer
DEBUG: board_modifier.py:595: Netclass: Default, track width: 200000
DEBUG: board_modifier.py:658: Routing pad 'SW8:2' at (43942000, 66357500) with pad 'D9:2' at (43180000, 67817500) using coordinate system rotated by 0 degree(s)
INFO: board_modifier.py:494: Adding track segment (B.Cu): [(43942000, 66357500), (43942000, 67055500)]
INFO: board_modifier.py:499: Track added
INFO: board_modifier.py:494: Adding track segment (B.Cu): [(43942000, 67055500), (43180000, 67817500)]
INFO: board_modifier.py:499: Track added
INFO: key_placer.py:483: Routing SW19 with D20
INFO: key_placer.py:485: Using internal autorouter method
DEBUG: board_modifier.py:578: Routing at B.Cu layer
DEBUG: board_modifier.py:595: Netclass: Default, track width: 200000
DEBUG: board_modifier.py:658: Routing pad 'SW19:2' at (101092000, 104457500) with pad 'D20:2' at (100330000, 105917500) using coordinate system rotated by 0 degree(s)
INFO: board_modifier.py:494: Adding track segment (B.Cu): [(101092000, 104457500), (101092000, 105155500)]
INFO: board_modifier.py:499: Track added
INFO: board_modifier.py:494: Adding track segment (B.Cu): [(101092000, 105155500), (100330000, 105917500)]
INFO: board_modifier.py:499: Track added
DEBUG: key_placer.py:979: Routing Net-(A1-GPIO0) pads
DEBUG: board_modifier.py:578: Routing at B.Cu layer
DEBUG: board_modifier.py:595: Netclass: Default, track width: 200000
DEBUG: board_modifier.py:658: Routing pad 'SW5:1' at (69115000, 54610000) with pad 'SW1:1' at (69115000, 35560000) using coordinate system rotated by 0 degree(s)
INFO: board_modifier.py:494: Adding track segment (B.Cu): [(69115000, 54610000), (69115000, 35560000)]
INFO: board_modifier.py:499: Track added
DEBUG: board_modifier.py:578: Routing at B.Cu layer
DEBUG: board_modifier.py:595: Netclass: Default, track width: 200000
DEBUG: board_modifier.py:658: Routing pad 'SW10:1' at (69115000, 73660000) with pad 'SW5:1' at (69115000, 54610000) using coordinate system rotated by 0 degree(s)
INFO: board_modifier.py:494: Adding track segment (B.Cu): [(69115000, 73660000), (69115000, 54610000)]
INFO: board_modifier.py:499: Track added
DEBUG: board_modifier.py:578: Routing at B.Cu layer
DEBUG: board_modifier.py:595: Netclass: Default, track width: 200000
DEBUG: board_modifier.py:658: Routing pad 'SW17:1' at (50065000, 102235000) with pad 'SW10:1' at (69115000, 73660000) using coordinate system rotated by 0 degree(s)
INFO: board_modifier.py:494: Adding track segment (B.Cu): [(50065000, 102235000), (50065000, 92710000)]
INFO: board_modifier.py:499: Track added
INFO: board_modifier.py:494: Adding track segment (B.Cu): [(50065000, 92710000), (69115000, 73660000)]
DEBUG: board_modifier.py:504: Could not add track segment due to detected collision
INFO: board_modifier.py:494: Adding track segment (B.Cu): [(50065000, 102235000), (69115000, 83185000)]
DEBUG: board_modifier.py:504: Could not add track segment due to detected collision
DEBUG: board_modifier.py:578: Routing at B.Cu layer
DEBUG: board_modifier.py:595: Netclass: Default, track width: 200000
DEBUG: board_modifier.py:658: Routing pad 'SW10:1' at (69115000, 73660000) with pad 'SW9:1' at (88165000, 68897500) using coordinate system rotated by 0 degree(s)
INFO: board_modifier.py:494: Adding track segment (B.Cu): [(69115000, 73660000), (83402500, 73660000)]
DEBUG: board_modifier.py:504: Could not add track segment due to detected collision
INFO: board_modifier.py:494: Adding track segment (B.Cu): [(69115000, 73660000), (73877500, 68897500)]
INFO: board_modifier.py:499: Track added
INFO: board_modifier.py:494: Adding track segment (B.Cu): [(73877500, 68897500), (88165000, 68897500)]
INFO: board_modifier.py:499: Track added
DEBUG: board_modifier.py:578: Routing at B.Cu layer
DEBUG: board_modifier.py:595: Netclass: Default, track width: 200000
WARNING: board_modifier.py:651: Could not route pads when parent footprints not rotated the same, footprint1: SW9 at 0.0 degree(s) and footprint2: SW21 at 75.0 degree(s)
WARNING: board_modifier.py:571: Could not route pads, no common layers found. Pads: 'SW21:1', 'A1:1'
DEBUG: key_placer.py:979: Routing Net-(A1-GPIO6) pads
DEBUG: board_modifier.py:578: Routing at F.Cu layer
DEBUG: board_modifier.py:595: Netclass: Default, track width: 200000
DEBUG: board_modifier.py:658: Routing pad 'D14:1' at (100330000, 94297000) with pad 'D10:1' at (100330000, 75437500) using coordinate system rotated by 0 degree(s)
INFO: board_modifier.py:494: Adding track segment (F.Cu): [(100330000, 94297000), (100330000, 75437500)]
DEBUG: board_modifier.py:504: Could not add track segment due to detected collision
DEBUG: board_modifier.py:578: Routing at F.Cu layer
DEBUG: board_modifier.py:595: Netclass: Default, track width: 200000
DEBUG: board_modifier.py:658: Routing pad 'D16:1' at (81280000, 99250000) with pad 'D14:1' at (100330000, 94297000) using coordinate system rotated by 0 degree(s)
INFO: board_modifier.py:494: Adding track segment (F.Cu): [(81280000, 99250000), (95377000, 99250000)]
INFO: board_modifier.py:499: Track added
INFO: board_modifier.py:494: Adding track segment (F.Cu): [(95377000, 99250000), (100330000, 94297000)]
INFO: board_modifier.py:499: Track added
DEBUG: board_modifier.py:578: Routing at F.Cu layer
DEBUG: board_modifier.py:595: Netclass: Default, track width: 200000
DEBUG: board_modifier.py:658: Routing pad 'D10:1' at (100330000, 75437500) with pad 'D12:1' at (119380000, 80200000) using coordinate system rotated by 0 degree(s)
INFO: board_modifier.py:494: Adding track segment (F.Cu): [(100330000, 75437500), (114617500, 75437500)]
DEBUG: board_modifier.py:504: Could not add track segment due to detected collision
INFO: board_modifier.py:494: Adding track segment (F.Cu): [(100330000, 75437500), (105092500, 80200000)]
INFO: board_modifier.py:499: Track added
INFO: board_modifier.py:494: Adding track segment (F.Cu): [(105092500, 80200000), (119380000, 80200000)]
INFO: board_modifier.py:499: Track added
DEBUG: board_modifier.py:578: Routing at F.Cu layer
DEBUG: board_modifier.py:595: Netclass: Default, track width: 200000
DEBUG: board_modifier.py:658: Routing pad 'D12:1' at (119380000, 80200000) with pad 'A1:9' at (253420000, 50620000) using coordinate system rotated by 0 degree(s)
INFO: board_modifier.py:494: Adding track segment (F.Cu): [(119380000, 80200000), (223840000, 80200000)]
INFO: board_modifier.py:499: Track added
INFO: board_modifier.py:494: Adding track segment (F.Cu): [(223840000, 80200000), (253420000, 50620000)]
INFO: board_modifier.py:499: Track added
DEBUG: key_placer.py:979: Routing Net-(A1-GPIO2) pads
DEBUG: board_modifier.py:578: Routing at B.Cu layer
DEBUG: board_modifier.py:595: Netclass: Default, track width: 200000
DEBUG: board_modifier.py:658: Routing pad 'SW7:1' at (50065000, 64135000) with pad 'SW14:1' at (31015000, 87947500) using coordinate system rotated by 0 degree(s)
INFO: board_modifier.py:494: Adding track segment (B.Cu): [(50065000, 64135000), (50065000, 68897500)]
INFO: board_modifier.py:499: Track added
INFO: board_modifier.py:494: Adding track segment (B.Cu): [(50065000, 68897500), (31015000, 87947500)]
DEBUG: board_modifier.py:504: Could not add track segment due to detected collision
INFO: board_modifier.py:494: Adding track segment (B.Cu): [(50065000, 64135000), (31015000, 83185000)]
DEBUG: board_modifier.py:504: Could not add track segment due to detected collision
DEBUG: board_modifier.py:578: Routing at B.Cu layer
DEBUG: board_modifier.py:595: Netclass: Default, track width: 200000
DEBUG: board_modifier.py:658: Routing pad 'SW3:1' at (31015000, 49847500) with pad 'SW7:1' at (50065000, 64135000) using coordinate system rotated by 0 degree(s)
INFO: board_modifier.py:494: Adding track segment (B.Cu): [(31015000, 49847500), (35777500, 49847500)]
DEBUG: board_modifier.py:504: Could not add track segment due to detected collision
INFO: board_modifier.py:494: Adding track segment (B.Cu): [(31015000, 49847500), (45302500, 64135000)]
DEBUG: board_modifier.py:504: Could not add track segment due to detected collision
DEBUG: board_modifier.py:578: Routing at B.Cu layer
DEBUG: board_modifier.py:595: Netclass: Default, track width: 200000
DEBUG: board_modifier.py:658: Routing pad 'SW7:1' at (50065000, 64135000) with pad 'SW13:1' at (88165000, 87757000) using coordinate system rotated by 0 degree(s)
INFO: board_modifier.py:494: Adding track segment (B.Cu): [(50065000, 64135000), (64543000, 64135000)]
DEBUG: board_modifier.py:504: Could not add track segment due to detected collision
INFO: board_modifier.py:494: Adding track segment (B.Cu): [(50065000, 64135000), (73687000, 87757000)]
DEBUG: board_modifier.py:504: Could not add track segment due to detected collision
DEBUG: board_modifier.py:578: Routing at B.Cu layer
DEBUG: board_modifier.py:595: Netclass: Default, track width: 200000
DEBUG: board_modifier.py:658: Routing pad 'SW13:1' at (88165000, 87757000) with pad 'SW19:1' at (88165000, 106997500) using coordinate system rotated by 0 degree(s)
INFO: board_modifier.py:494: Adding track segment (B.Cu): [(88165000, 87757000), (88165000, 106997500)]
INFO: board_modifier.py:499: Track added
WARNING: board_modifier.py:571: Could not route pads, no common layers found. Pads: 'SW13:1', 'A1:4'
DEBUG: key_placer.py:979: Routing Net-(A1-GPIO5) pads
DEBUG: board_modifier.py:578: Routing at F.Cu layer
DEBUG: board_modifier.py:595: Netclass: Default, track width: 200000
DEBUG: board_modifier.py:658: Routing pad 'D9:1' at (43180000, 75437500) with pad 'D8:1' at (62230000, 70675000) using coordinate system rotated by 0 degree(s)
INFO: board_modifier.py:494: Adding track segment (F.Cu): [(43180000, 75437500), (57467500, 75437500)]
INFO: board_modifier.py:499: Track added
INFO: board_modifier.py:494: Adding track segment (F.Cu): [(57467500, 75437500), (62230000, 70675000)]
INFO: board_modifier.py:499: Track added
DEBUG: board_modifier.py:578: Routing at F.Cu layer
DEBUG: board_modifier.py:595: Netclass: Default, track width: 200000
DEBUG: board_modifier.py:658: Routing pad 'D8:1' at (62230000, 70675000) with pad 'D6:1' at (81280000, 61150000) using coordinate system rotated by 0 degree(s)
INFO: board_modifier.py:494: Adding track segment (F.Cu): [(62230000, 70675000), (71755000, 70675000)]
INFO: board_modifier.py:499: Track added
INFO: board_modifier.py:494: Adding track segment (F.Cu): [(71755000, 70675000), (81280000, 61150000)]
INFO: board_modifier.py:499: Track added
DEBUG: board_modifier.py:578: Routing at F.Cu layer
DEBUG: board_modifier.py:595: Netclass: Default, track width: 200000
DEBUG: board_modifier.py:658: Routing pad 'D6:1' at (81280000, 61150000) with pad 'D7:1' at (119380000, 61150000) using coordinate system rotated by 0 degree(s)
INFO: board_modifier.py:494: Adding track segment (F.Cu): [(81280000, 61150000), (119380000, 61150000)]
INFO: board_modifier.py:499: Track added
DEBUG: board_modifier.py:578: Routing at F.Cu layer
DEBUG: board_modifier.py:595: Netclass: Default, track width: 200000
DEBUG: board_modifier.py:658: Routing pad 'D7:1' at (119380000, 61150000) with pad 'A1:7' at (253420000, 45540000) using coordinate system rotated by 0 degree(s)
INFO: board_modifier.py:494: Adding track segment (F.Cu): [(119380000, 61150000), (237810000, 61150000)]
INFO: board_modifier.py:499: Track added
INFO: board_modifier.py:494: Adding track segment (F.Cu): [(237810000, 61150000), (253420000, 45540000)]
INFO: board_modifier.py:499: Track added
DEBUG: key_placer.py:979: Routing Net-(A1-GPIO3) pads
DEBUG: board_modifier.py:578: Routing at B.Cu layer
DEBUG: board_modifier.py:595: Netclass: Default, track width: 200000
DEBUG: board_modifier.py:658: Routing pad 'SW8:1' at (31015000, 68897500) with pad 'SW15:1' at (69115000, 92710000) using coordinate system rotated by 0 degree(s)
INFO: board_modifier.py:494: Adding track segment (B.Cu): [(31015000, 68897500), (45302500, 68897500)]
DEBUG: board_modifier.py:504: Could not add track segment due to detected collision
INFO: board_modifier.py:494: Adding track segment (B.Cu): [(31015000, 68897500), (54827500, 92710000)]
DEBUG: board_modifier.py:504: Could not add track segment due to detected collision
DEBUG: board_modifier.py:578: Routing at B.Cu layer
DEBUG: board_modifier.py:595: Netclass: Default, track width: 200000
DEBUG: board_modifier.py:658: Routing pad 'SW15:1' at (69115000, 92710000) with pad 'SW4:1' at (88165000, 49847500) using coordinate system rotated by 0 degree(s)
INFO: board_modifier.py:494: Adding track segment (B.Cu): [(69115000, 92710000), (69115000, 68897500)]
DEBUG: board_modifier.py:504: Could not add track segment due to detected collision
INFO: board_modifier.py:494: Adding track segment (B.Cu): [(69115000, 92710000), (88165000, 73660000)]
DEBUG: board_modifier.py:504: Could not add track segment due to detected collision
DEBUG: board_modifier.py:578: Routing at B.Cu layer
DEBUG: board_modifier.py:595: Netclass: Default, track width: 200000
DEBUG: board_modifier.py:658: Routing pad 'SW15:1' at (69115000, 92710000) with pad 'SW16:1' at (107215000, 92710000) using coordinate system rotated by 0 degree(s)
INFO: board_modifier.py:494: Adding track segment (B.Cu): [(69115000, 92710000), (107215000, 92710000)]
DEBUG: board_modifier.py:504: Could not add track segment due to detected collision
DEBUG: board_modifier.py:578: Routing at B.Cu layer
DEBUG: board_modifier.py:595: Netclass: Default, track width: 200000
DEBUG: board_modifier.py:658: Routing pad 'SW16:1' at (107215000, 92710000) with pad 'SW20:1' at (107215000, 111760000) using coordinate system rotated by 0 degree(s)
INFO: board_modifier.py:494: Adding track segment (B.Cu): [(107215000, 92710000), (107215000, 111760000)]
INFO: board_modifier.py:499: Track added
WARNING: board_modifier.py:571: Could not route pads, no common layers found. Pads: 'SW16:1', 'A1:5'
DEBUG: key_placer.py:979: Routing Net-(A1-GPIO4) pads
DEBUG: board_modifier.py:578: Routing at F.Cu layer
DEBUG: board_modifier.py:595: Netclass: Default, track width: 200000
DEBUG: board_modifier.py:658: Routing pad 'D4:1' at (43180000, 56387500) with pad 'D3:1' at (62230000, 51625000) using coordinate system rotated by 0 degree(s)
INFO: board_modifier.py:494: Adding track segment (F.Cu): [(43180000, 56387500), (57467500, 56387500)]
INFO: board_modifier.py:499: Track added
INFO: board_modifier.py:494: Adding track segment (F.Cu): [(57467500, 56387500), (62230000, 51625000)]
INFO: board_modifier.py:499: Track added
DEBUG: board_modifier.py:578: Routing at F.Cu layer
DEBUG: board_modifier.py:595: Netclass: Default, track width: 200000
DEBUG: board_modifier.py:658: Routing pad 'D3:1' at (62230000, 51625000) with pad 'D2:1' at (81280000, 42100000) using coordinate system rotated by 0 degree(s)
INFO: board_modifier.py:494: Adding track segment (F.Cu): [(62230000, 51625000), (71755000, 51625000)]
INFO: board_modifier.py:499: Track added
INFO: board_modifier.py:494: Adding track segment (F.Cu): [(71755000, 51625000), (81280000, 42100000)]
INFO: board_modifier.py:499: Track added
DEBUG: board_modifier.py:578: Routing at F.Cu layer
DEBUG: board_modifier.py:595: Netclass: Default, track width: 200000
DEBUG: board_modifier.py:658: Routing pad 'D2:1' at (81280000, 42100000) with pad 'D5:1' at (100330000, 56387500) using coordinate system rotated by 0 degree(s)
INFO: board_modifier.py:494: Adding track segment (F.Cu): [(81280000, 42100000), (86042500, 42100000)]
INFO: board_modifier.py:499: Track added
INFO: board_modifier.py:494: Adding track segment (F.Cu): [(86042500, 42100000), (100330000, 56387500)]
DEBUG: board_modifier.py:504: Could not add track segment due to detected collision
INFO: board_modifier.py:494: Adding track segment (F.Cu): [(81280000, 42100000), (95567500, 56387500)]
DEBUG: board_modifier.py:504: Could not add track segment due to detected collision
DEBUG: board_modifier.py:578: Routing at F.Cu layer
DEBUG: board_modifier.py:595: Netclass: Default, track width: 200000
DEBUG: board_modifier.py:658: Routing pad 'D5:1' at (100330000, 56387500) with pad 'A1:6' at (253420000, 43000000) using coordinate system rotated by 0 degree(s)
INFO: board_modifier.py:494: Adding track segment (F.Cu): [(100330000, 56387500), (240032500, 56387500)]
DEBUG: board_modifier.py:504: Could not add track segment due to detected collision
INFO: board_modifier.py:494: Adding track segment (F.Cu): [(100330000, 56387500), (113717500, 43000000)]
INFO: board_modifier.py:499: Track added
INFO: board_modifier.py:494: Adding track segment (F.Cu): [(113717500, 43000000), (253420000, 43000000)]
INFO: board_modifier.py:499: Track added
DEBUG: key_placer.py:979: Routing Net-(A1-GPIO8) pads
DEBUG: board_modifier.py:578: Routing at F.Cu layer
DEBUG: board_modifier.py:595: Netclass: Default, track width: 200000
DEBUG: board_modifier.py:658: Routing pad 'D19:1' at (43180000, 113537500) with pad 'D18:1' at (62230000, 108775000) using coordinate system rotated by 0 degree(s)
INFO: board_modifier.py:494: Adding track segment (F.Cu): [(43180000, 113537500), (57467500, 113537500)]
INFO: board_modifier.py:499: Track added
INFO: board_modifier.py:494: Adding track segment (F.Cu): [(57467500, 113537500), (62230000, 108775000)]
INFO: board_modifier.py:499: Track added
DEBUG: board_modifier.py:578: Routing at F.Cu layer
DEBUG: board_modifier.py:595: Netclass: Default, track width: 200000
DEBUG: board_modifier.py:658: Routing pad 'D18:1' at (62230000, 108775000) with pad 'D20:1' at (100330000, 113537500) using coordinate system rotated by 0 degree(s)
INFO: board_modifier.py:494: Adding track segment (F.Cu): [(62230000, 108775000), (95567500, 108775000)]
DEBUG: board_modifier.py:504: Could not add track segment due to detected collision
INFO: board_modifier.py:494: Adding track segment (F.Cu): [(62230000, 108775000), (66992500, 113537500)]
INFO: board_modifier.py:499: Track added
INFO: board_modifier.py:494: Adding track segment (F.Cu): [(66992500, 113537500), (100330000, 113537500)]
INFO: board_modifier.py:499: Track added
DEBUG: board_modifier.py:578: Routing at F.Cu layer
DEBUG: board_modifier.py:595: Netclass: Default, track width: 200000
DEBUG: board_modifier.py:658: Routing pad 'D20:1' at (100330000, 113537500) with pad 'D21:1' at (119380000, 118300000) using coordinate system rotated by 0 degree(s)
INFO: board_modifier.py:494: Adding track segment (F.Cu): [(100330000, 113537500), (114617500, 113537500)]
DEBUG: board_modifier.py:504: Could not add track segment due to detected collision
INFO: board_modifier.py:494: Adding track segment (F.Cu): [(100330000, 113537500), (105092500, 118300000)]
INFO: board_modifier.py:499: Track added
INFO: board_modifier.py:494: Adding track segment (F.Cu): [(105092500, 118300000), (119380000, 118300000)]
INFO: board_modifier.py:499: Track added
DEBUG: board_modifier.py:578: Routing at F.Cu layer
DEBUG: board_modifier.py:595: Netclass: Default, track width: 200000
DEBUG: board_modifier.py:658: Routing pad 'D21:1' at (119380000, 118300000) with pad 'A1:11' at (253420000, 55700000) using coordinate system rotated by 0 degree(s)
INFO: board_modifier.py:494: Adding track segment (F.Cu): [(119380000, 118300000), (190820000, 118300000)]
INFO: board_modifier.py:499: Track added
INFO: board_modifier.py:494: Adding track segment (F.Cu): [(190820000, 118300000), (253420000, 55700000)]
INFO: board_modifier.py:499: Track added
DEBUG: key_placer.py:979: Routing Net-(A1-GPIO7) pads
DEBUG: board_modifier.py:578: Routing at F.Cu layer
DEBUG: board_modifier.py:595: Netclass: Default, track width: 200000
DEBUG: board_modifier.py:658: Routing pad 'D15:1' at (43180000, 94487500) with pad 'D13:1' at (62230000, 89725000) using coordinate system rotated by 0 degree(s)
INFO: board_modifier.py:494: Adding track segment (F.Cu): [(43180000, 94487500), (57467500, 94487500)]
INFO: board_modifier.py:499: Track added
INFO: board_modifier.py:494: Adding track segment (F.Cu): [(57467500, 94487500), (62230000, 89725000)]
INFO: board_modifier.py:499: Track added
DEBUG: board_modifier.py:578: Routing at F.Cu layer
DEBUG: board_modifier.py:595: Netclass: Default, track width: 200000
DEBUG: board_modifier.py:658: Routing pad 'D13:1' at (62230000, 89725000) with pad 'D11:1' at (81280000, 80200000) using coordinate system rotated by 0 degree(s)
INFO: board_modifier.py:494: Adding track segment (F.Cu): [(62230000, 89725000), (71755000, 89725000)]
INFO: board_modifier.py:499: Track added
INFO: board_modifier.py:494: Adding track segment (F.Cu): [(71755000, 89725000), (81280000, 80200000)]
INFO: board_modifier.py:499: Track added
DEBUG: board_modifier.py:578: Routing at F.Cu layer
DEBUG: board_modifier.py:595: Netclass: Default, track width: 200000
DEBUG: board_modifier.py:658: Routing pad 'D11:1' at (81280000, 80200000) with pad 'D17:1' at (119380000, 99250000) using coordinate system rotated by 0 degree(s)
INFO: board_modifier.py:494: Adding track segment (F.Cu): [(81280000, 80200000), (100330000, 80200000)]
INFO: board_modifier.py:499: Track added
INFO: board_modifier.py:494: Adding track segment (F.Cu): [(100330000, 80200000), (119380000, 99250000)]
DEBUG: board_modifier.py:504: Could not add track segment due to detected collision
INFO: board_modifier.py:494: Adding track segment (F.Cu): [(81280000, 80200000), (100330000, 99250000)]
DEBUG: board_modifier.py:504: Could not add track segment due to detected collision
DEBUG: board_modifier.py:578: Routing at F.Cu layer
DEBUG: board_modifier.py:595: Netclass: Default, track width: 200000
DEBUG: board_modifier.py:658: Routing pad 'D17:1' at (119380000, 99250000) with pad 'A1:10' at (253420000, 53160000) using coordinate system rotated by 0 degree(s)
INFO: board_modifier.py:494: Adding track segment (F.Cu): [(119380000, 99250000), (207330000, 99250000)]
INFO: board_modifier.py:499: Track added
INFO: board_modifier.py:494: Adding track segment (F.Cu): [(207330000, 99250000), (253420000, 53160000)]
INFO: board_modifier.py:499: Track added
DEBUG: key_placer.py:979: Routing Net-(A1-GPIO9) pads
DEBUG: board_modifier.py:578: Routing at F.Cu layer
DEBUG: board_modifier.py:595: Netclass: Default, track width: 200000
WARNING: board_modifier.py:651: Could not route pads when parent footprints not rotated the same, footprint1: D22 at 165.0 degree(s) and footprint2: A1 at 0.0 degree(s)
DEBUG: key_placer.py:979: Routing Net-(A1-GPIO1) pads
DEBUG: board_modifier.py:578: Routing at B.Cu layer
DEBUG: board_modifier.py:595: Netclass: Default, track width: 200000
DEBUG: board_modifier.py:658: Routing pad 'SW12:1' at (50065000, 83185000) with pad 'SW2:1' at (50065000, 45085000) using coordinate system rotated by 0 degree(s)
INFO: board_modifier.py:494: Adding track segment (B.Cu): [(50065000, 83185000), (50065000, 45085000)]
DEBUG: board_modifier.py:504: Could not add track segment due to detected collision
DEBUG: board_modifier.py:578: Routing at B.Cu layer
DEBUG: board_modifier.py:595: Netclass: Default, track width: 200000
DEBUG: board_modifier.py:658: Routing pad 'SW18:1' at (31015000, 106997500) with pad 'SW12:1' at (50065000, 83185000) using coordinate system rotated by 0 degree(s)
INFO: board_modifier.py:494: Adding track segment (B.Cu): [(31015000, 106997500), (31015000, 102235000)]
INFO: board_modifier.py:499: Track added
INFO: board_modifier.py:494: Adding track segment (B.Cu): [(31015000, 102235000), (50065000, 83185000)]
DEBUG: board_modifier.py:504: Could not add track segment due to detected collision
INFO: board_modifier.py:494: Adding track segment (B.Cu): [(31015000, 106997500), (50065000, 87947500)]
DEBUG: board_modifier.py:504: Could not add track segment due to detected collision
DEBUG: board_modifier.py:578: Routing at B.Cu layer
DEBUG: board_modifier.py:595: Netclass: Default, track width: 200000
DEBUG: board_modifier.py:658: Routing pad 'SW2:1' at (50065000, 45085000) with pad 'SW6:1' at (107215000, 54610000) using coordinate system rotated by 0 degree(s)
INFO: board_modifier.py:494: Adding track segment (B.Cu): [(50065000, 45085000), (97690000, 45085000)]
DEBUG: board_modifier.py:504: Could not add track segment due to detected collision
INFO: board_modifier.py:494: Adding track segment (B.Cu): [(50065000, 45085000), (59590000, 54610000)]
DEBUG: board_modifier.py:504: Could not add track segment due to detected collision
DEBUG: board_modifier.py:578: Routing at B.Cu layer
DEBUG: board_modifier.py:595: Netclass: Default, track width: 200000
DEBUG: board_modifier.py:658: Routing pad 'SW6:1' at (107215000, 54610000) with pad 'SW11:1' at (107215000, 73660000) using coordinate system rotated by 0 degree(s)
INFO: board_modifier.py:494: Adding track segment (B.Cu): [(107215000, 54610000), (107215000, 73660000)]
INFO: board_modifier.py:499: Track added
WARNING: board_modifier.py:571: Could not route pads, no common layers found. Pads: 'SW6:1', 'A1:2'
INFO: key_placer.py:517: Removing dangling tracks
INFO: key_placer.py:532: Removing 067e38d6-3ac4-40b4-a5fa-cf4fe2365fb1
INFO: key_placer.py:532: Removing ee0790e8-4fdd-4c03-a3b5-59404387a13a
INFO: key_placer.py:532: Removing 08c79cda-4a67-4f25-b95f-ea331b4aef45
INFO: key_placer.py:532: Removing aedc2bf7-b55a-494a-a39c-78da5178f772
INFO: key_placer.py:532: Removing 3b91dbbc-4071-4939-ad02-e0559bcde972
INFO: edge_generator.py:141: Running board edge generation around footprints with annotation matching 'SW{}' format
